[INFO] Scanning for projects...
[INFO] 
[INFO] ---------------------< com.klu:project-management >---------------------
[INFO] Building project-management 0.0.1-SNAPSHOT
[INFO]   from pom.xml
[INFO] --------------------------------[ war ]---------------------------------
[INFO] 
[INFO] --- clean:3.5.0:clean (default-clean) @ project-management ---
[INFO] Deleting D:\FSAD project main\project-management1\target
[INFO] 
[INFO] --- resources:3.3.1:resources (default-resources) @ project-management ---
[INFO] Copying 1 resource from src\main\resources to target\classes
[INFO] Copying 0 resource from src\main\resources to target\classes
[INFO] 
[INFO] --- compiler:3.14.1:compile (default-compile) @ project-management ---
[INFO] Recompiling the module because of changed source code.
[INFO] Compiling 35 source files with javac [debug parameters release 17] to target\classes
[INFO] -------------------------------------------------------------
[ERROR] COMPILATION ERROR : 
[INFO] -------------------------------------------------------------
[ERROR] /D:/FSAD project main/project-management1/src/main/java/com/klu/entity/GroupTask.java:[16,2] cannot find symbol
  symbol: class Entity
[INFO] 1 error
[INFO] -------------------------------------------------------------
[INFO] ------------------------------------------------------------------------
[INFO] BUILD FAILURE
[INFO] ------------------------------------------------------------------------
[INFO] Total time:  6.014 s
[INFO] Finished at: 2026-04-09T00:09:32+05:30
[INFO] ------------------------------------------------------------------------
[ERROR] Failed to execute goal org.apache.maven.plugins:maven-compiler-plugin:3.14.1:compile (default-compile) on project project-management: Compilation failure
[ERROR] /D:/FSAD project main/project-management1/src/main/java/com/klu/entity/GroupTask.java:[16,2] cannot find symbol
[ERROR]   symbol: class Entity
[ERROR] 
[ERROR] -> [Help 1]
[ERROR] 
[ERROR] To see the full stack trace of the errors, re-run Maven with the -e switch.
[ERROR] Re-run Maven using the -X switch to enable full debug logging.
[ERROR] 
[ERROR] For more information about the errors and possible solutions, please read the following articles:
[ERROR] [Help 1] http://cwiki.apache.org/confluence/display/MAVEN/MojoFailureException
